LINK: https://www.youtube.com/watch?v=ufdHsFClAk0
# -----------------------------------------------------
$ touch index.js : Create a root program file for javascript.

$ npm init -y   : Initialise the nodejs environment for application.
                + This will also create the package.json file


$ npm install pg : Installs the postgres package for server.

$ node index.js  : Execute the program
$ npm test       +-- Alternatively, but first modify the package.json
                 +-- by replacing the line within script dictionary with the
                 +-- following;
                 +-- "test": "node index.js"
$ npm run test   +-- Same as the prev command above.



/* unusede */ 
$ npm install express   : This package (library) allows for easy build
                        + of servers and api in javascript by simply
                        + creating a server instance when called during
                        + import or inclusion into project.

$ nodemon ./server.js   : Navigate to directory that contains the server.js
                        + file and execute the command to start the server.

https://www.youtube.com/watch?v=0JNq46eFuOM
https://www.youtube.com/watch?v=tgBUbbTF5Sg&t=12s


/usr/local/bin/ping -?
Usage: ping [OPTION...] HOST ...
Send ICMP ECHO_REQUEST packets to network hosts.

 Options controlling ICMP request types:
      --address              send ICMP_ADDRESS packets (root only)
      --echo                 send ICMP_ECHO packets (default)
      --mask                 same as --address
      --timestamp            send ICMP_TIMESTAMP packets
  -t, --type=TYPE            send TYPE packets

 Options valid for all request types:

  -c, --count=NUMBER         stop after sending NUMBER packets
  -d, --debug                set the SO_DEBUG option
  -i, --interval=NUMBER      wait NUMBER seconds between sending each packet
  -n, --numeric              do not resolve host addresses
  -r, --ignore-routing       send directly to a host on an attached network
      --ttl=N                specify N as time-to-live
  -T, --tos=NUM              set type of service (TOS) to NUM
  -v, --verbose              verbose output
  -w, --timeout=N            stop after N seconds
  -W, --linger=N             number of seconds to wait for response

 Options valid for --echo requests:

  -f, --flood                flood ping (root only)
      --ip-timestamp=FLAG    IP timestamp of type FLAG, which is one of
                             "tsonly" and "tsaddr"
  -l, --preload=NUMBER       send NUMBER packets as fast as possible before
                             falling into normal mode of behavior (root only)
  -p, --pattern=PATTERN      fill ICMP packet with given pattern (hex)
  -q, --quiet                quiet output
  -R, --route                record route
  -s, --size=NUMBER          send NUMBER data octets

  -?, --help                 give this help list
      --usage                give a short usage message
  -V, --version              print program version

Mandatory or optional arguments to long options are also mandatory or optional
for any corresponding short options.

Options marked with (root only) are available only to superuser.

Report bugs to <bug-inetutils@gnu.org>.






/usr/local/bin/ping -vc www.g.com
/usr/local/bin/ping: invalid value (`www.g.com' near `www.g.com')


/usr/local/bin/ping "-vc f" www.g.com
/usr/local/bin/ping: invalid value (` f' near ` f')
mexes@mexes:~$ /usr/local/bin/ping "-vc 4" www.g.com
/usr/local/bin/ping: unknown host

/usr/local/bin/ping "-vc 7" www..co
/usr/local/bin/ping: unknown host



/usr/local/bin/ping  f www.google.com -vc 4 
/usr/local/bin/ping: unknown host
mexes@mexes:~/Documents/web_development/network/04_js__postgres$ /usr/local/bin/ping - f www.google.com -vc 4 
/usr/local/bin/ping: unknown host
mexes@mexes:~/Documents/web_development/network/04_js__postgres$ /usr/local/bin/ping -d f www.google.com -vc 4 
/usr/local/bin/ping: unknown host
mexes@mexes:~/Documents/web_development/network/04_js__postgres$ /usr/local/bin/ping -2 www.google.com -vc 4 
/usr/local/bin/ping: invalid option -- '2'
Try 'ping --help' or 'ping --usage' for more information.